// Jest Snapshot v1, https://goo.gl/fbAQLP

exports[`When a JSON field is defined in the Prisma schema it can be projected into the GraphQL API: graphqlSchema 1`] = `
"
\\"\\"\\"
The \`BigInt\` scalar type represents non-fractional signed whole numeric values.
@see https://developer.mozilla.org/en-US/docs/Web/JavaScript/Reference/Global_Objects/BigInt
\\"\\"\\"
scalar BigInt

\\"\\"\\"The \`Byte\` scalar type represents byte value as a Buffer\\"\\"\\"
scalar Bytes

\\"\\"\\"
A date-time string at UTC, such as 2007-12-03T10:15:30Z, compliant with the \`date-time\` format outlined in section 5.6 of the RFC 3339 profile of the ISO 8601 standard for representation of dates and times using the Gregorian calendar.
\\"\\"\\"
scalar DateTime

\\"\\"\\"
The \`JSON\` scalar type represents JSON values as specified by [ECMA-404](http://www.ecma-international.org/publications/files/ECMA-ST/ECMA-404.pdf).
\\"\\"\\"
scalar Json @specifiedBy(url: \\"http://www.ecma-international.org/publications/files/ECMA-ST/ECMA-404.pdf\\")

type Foo {
  json: Json!
}
"
`;
